** Drc report for DumbFCC.kicad_pcb **
** Created on 2026-03-14T04:59:02+0000 **

** Found 76 DRC violations **
[connection_width]: Copper connection too narrow (board setup constraints minimum connection width 0.1500 mm; actual 0.1209 mm) (L1 (Sig, PWR))
    ; warning
    @(114.5 mm, 60.0 mm): Zone 'GND' [GND] on L1 (Sig, PWR), L4 (Sig, PWR) and 2 more, priority 0
[connection_width]: Copper connection too narrow (board setup constraints minimum connection width 0.1500 mm; actual 0.1338 mm) (L1 (Sig, PWR))
    ; warning
    @(114.5 mm, 60.0 mm): Zone 'GND' [GND] on L1 (Sig, PWR), L4 (Sig, PWR) and 2 more, priority 0
[connection_width]: Copper connection too narrow (board setup constraints minimum connection width 0.1500 mm; actual 0.0480 mm) (L1 (Sig, PWR))
    ; warning
    @(114.5 mm, 60.0 mm): Zone 'GND' [GND] on L1 (Sig, PWR), L4 (Sig, PWR) and 2 more, priority 0
[silk_edge_clearance]: Silkscreen clipped by board edge
    ; warning
    @(184.5 mm, 65.0 mm): Segment on Edge.Cuts
    @(184.161593 mm, 80.5974 mm): Segment of J506 on F.Silkscreen
[silk_edge_clearance]: Silkscreen clipped by board edge
    ; warning
    @(184.5 mm, 65.0 mm): Segment on Edge.Cuts
    @(185.0052 mm, 71.4026 mm): Segment of J506 on F.Silkscreen
[lib_footprint_mismatch]: Footprint 'SOT-23-3' does not match copy in library 'Package_TO_SOT_SMD'.
    ; warning
    @(171.3625 mm, 75.95 mm): Footprint D500
[lib_footprint_mismatch]: Footprint 'PinHeader_1x04_P2.54mm_Vertical' does not match copy in library 'Connector_PinHeader_2.54mm'.
    ; warning
    @(134.81 mm, 108.0 mm): Footprint J501
[lib_footprint_mismatch]: Footprint 'C_0805_2012Metric' does not match copy in library 'Capacitor_SMD'.
    ; warning
    @(141.3 mm, 90.9 mm): Footprint C207
[lib_footprint_mismatch]: Footprint 'C_0805_2012Metric' does not match copy in library 'Capacitor_SMD'.
    ; warning
    @(122.2 mm, 85.0 mm): Footprint C306
[lib_footprint_mismatch]: Footprint 'PinHeader_2x03_P2.54mm_Vertical' does not match copy in library 'Connector_PinHeader_2.54mm'.
    ; warning
    @(153.75 mm, 64.29 mm): Footprint J504
[lib_footprint_mismatch]: Footprint 'C_0805_2012Metric' does not match copy in library 'Capacitor_SMD'.
    ; warning
    @(153.55 mm, 102.5 mm): Footprint C401
[lib_footprint_mismatch]: Footprint 'LED_0805_2012Metric' does not match copy in library 'LED_SMD'.
    ; warning
    @(173.85 mm, 103.0 mm): Footprint D403
[lib_footprint_mismatch]: Footprint 'R_0805_2012Metric' does not match copy in library 'Resistor_SMD'.
    ; warning
    @(176.0 mm, 80.5 mm): Footprint R503
[lib_footprint_mismatch]: Footprint 'R_0805_2012Metric' does not match copy in library 'Resistor_SMD'.
    ; warning
    @(135.55 mm, 101.68 mm): Footprint R400
[lib_footprint_mismatch]: Footprint 'R_0805_2012Metric' does not match copy in library 'Resistor_SMD'.
    ; warning
    @(173.85 mm, 106.9375 mm): Footprint R405
[lib_footprint_mismatch]: Footprint 'R_0805_2012Metric' does not match copy in library 'Resistor_SMD'.
    ; warning
    @(163.3 mm, 64.5 mm): Footprint R501
[lib_footprint_mismatch]: Footprint 'Crystal_SMD_Abracon_ABM8G-4Pin_3.2x2.5mm' does not match copy in library 'Crystal'.
    ; warning
    @(143.378858 mm, 92.823223 mm): Footprint Y200
[lib_footprint_mismatch]: Footprint 'LED_0805_2012Metric' does not match copy in library 'LED_SMD'.
    ; warning
    @(167.14 mm, 103.0625 mm): Footprint D401
[lib_footprint_mismatch]: Footprint 'R_0805_2012Metric' does not match copy in library 'Resistor_SMD'.
    ; warning
    @(135.56 mm, 97.32 mm): Footprint R401
[lib_footprint_mismatch]: Footprint 'LED_0805_2012Metric' does not match copy in library 'LED_SMD'.
    ; warning
    @(171.8 mm, 91.7 mm): Footprint D100
[lib_footprint_mismatch]: Footprint 'PinHeader_1x04_P2.54mm_Vertical' does not match copy in library 'Connector_PinHeader_2.54mm'.
    ; warning
    @(148.33 mm, 108.0 mm): Footprint J300
[lib_footprint_mismatch]: Footprint 'C_0805_2012Metric' does not match copy in library 'Capacitor_SMD'.
    ; warning
    @(157.328249 mm, 93.171751 mm): Footprint C203
[lib_footprint_mismatch]: Footprint 'LED_0805_2012Metric' does not match copy in library 'LED_SMD'.
    ; warning
    @(163.64 mm, 103.0625 mm): Footprint D400
[lib_footprint_mismatch]: Footprint 'C_0805_2012Metric' does not match copy in library 'Capacitor_SMD'.
    ; warning
    @(133.8 mm, 86.8 mm): Footprint C305
[lib_footprint_mismatch]: Footprint 'R_0805_2012Metric' does not match copy in library 'Resistor_SMD'.
    ; warning
    @(125.0 mm, 91.0 mm): Footprint R301
[lib_footprint_mismatch]: Footprint 'C_0805_2012Metric' does not match copy in library 'Capacitor_SMD'.
    ; warning
    @(163.0 mm, 87.5 mm): Footprint C202
[lib_footprint_mismatch]: Footprint 'PinHeader_1x04_P2.54mm_Vertical' does not match copy in library 'Connector_PinHeader_2.54mm'.
    ; warning
    @(164.19 mm, 61.75 mm): Footprint J502
[lib_footprint_mismatch]: Footprint 'C_0805_2012Metric' does not match copy in library 'Capacitor_SMD'.
    ; warning
    @(133.3 mm, 79.0 mm): Footprint C300
[lib_footprint_mismatch]: Footprint 'R_0805_2012Metric' does not match copy in library 'Resistor_SMD'.
    ; warning
    @(171.8 mm, 95.2625 mm): Footprint R100
[lib_footprint_mismatch]: Footprint 'PinHeader_1x02_P2.54mm_Vertical' does not match copy in library 'Connector_PinHeader_2.54mm'.
    ; warning
    @(182.5 mm, 91.225 mm): Footprint J100
[lib_footprint_mismatch]: Footprint 'C_0805_2012Metric' does not match copy in library 'Capacitor_SMD'.
    ; warning
    @(151.0 mm, 92.5 mm): Footprint C204
[lib_footprint_mismatch]: Footprint 'PinHeader_1x04_P2.54mm_Vertical' does not match copy in library 'Connector_PinHeader_2.54mm'.
    ; warning
    @(139.21 mm, 61.75 mm): Footprint J500
[lib_footprint_mismatch]: Footprint 'SOT-23-6' does not match copy in library 'Package_TO_SOT_SMD'.
    ; warning
    @(176.65 mm, 91.5375 mm): Footprint U100
[lib_footprint_mismatch]: Footprint 'C_0805_2012Metric' does not match copy in library 'Capacitor_SMD'.
    ; warning
    @(131.1 mm, 87.5 mm): Footprint C304
[lib_footprint_mismatch]: Footprint 'R_0805_2012Metric' does not match copy in library 'Resistor_SMD'.
    ; warning
    @(146.7 mm, 90.7 mm): Footprint R200
[lib_footprint_mismatch]: Footprint 'R_0805_2012Metric' does not match copy in library 'Resistor_SMD'.
    ; warning
    @(167.7 mm, 64.5 mm): Footprint R500
[lib_footprint_mismatch]: Footprint 'R_0805_2012Metric' does not match copy in library 'Resistor_SMD'.
    ; warning
    @(160.09 mm, 107.0 mm): Footprint R406
[lib_footprint_mismatch]: Footprint 'L_0805_2012Metric' does not match copy in library 'Inductor_SMD'.
    ; warning
    @(180.1 mm, 85.0 mm): Footprint FB500
[lib_footprint_mismatch]: Footprint 'R_0805_2012Metric' does not match copy in library 'Resistor_SMD'.
    ; warning
    @(167.1 mm, 107.0 mm): Footprint R403
[lib_footprint_mismatch]: Footprint 'C_0805_2012Metric' does not match copy in library 'Capacitor_SMD'.
    ; warning
    @(146.0 mm, 82.5 mm): Footprint C205
[lib_footprint_mismatch]: Footprint 'R_0805_2012Metric' does not match copy in library 'Resistor_SMD'.
    ; warning
    @(147.0 mm, 76.5 mm): Footprint R302
[lib_footprint_mismatch]: Footprint 'LED_0805_2012Metric' does not match copy in library 'LED_SMD'.
    ; warning
    @(170.5 mm, 103.0625 mm): Footprint D402
[lib_footprint_mismatch]: Footprint 'R_0805_2012Metric' does not match copy in library 'Resistor_SMD'.
    ; warning
    @(152.4125 mm, 71.5 mm): Footprint R201
[lib_footprint_mismatch]: Footprint 'C_0805_2012Metric' does not match copy in library 'Capacitor_SMD'.
    ; warning
    @(175.1 mm, 95.4 mm): Footprint C101
[lib_footprint_mismatch]: Footprint 'C_0805_2012Metric' does not match copy in library 'Capacitor_SMD'.
    ; warning
    @(177.1 mm, 95.4 mm): Footprint C100
[lib_footprint_mismatch]: Footprint 'C_0805_2012Metric' does not match copy in library 'Capacitor_SMD'.
    ; warning
    @(145.4 mm, 94.8 mm): Footprint C208
[lib_footprint_mismatch]: Footprint 'LQFP-64_10x10mm_P0.5mm' does not match copy in library 'Package_QFP'.
    ; warning
    @(154.5 mm, 85.0 mm): Footprint U200
[lib_footprint_mismatch]: Footprint 'C_0805_2012Metric' does not match copy in library 'Capacitor_SMD'.
    ; warning
    @(130.6 mm, 81.3 mm): Footprint C303
[lib_footprint_mismatch]: Footprint 'R_0805_2012Metric' does not match copy in library 'Resistor_SMD'.
    ; warning
    @(176.0 mm, 71.5 mm): Footprint R504
[lib_footprint_mismatch]: Footprint 'C_0805_2012Metric' does not match copy in library 'Capacitor_SMD'.
    ; warning
    @(157.0 mm, 76.5 mm): Footprint C201
[lib_footprint_mismatch]: Footprint 'LED_0805_2012Metric' does not match copy in library 'LED_SMD'.
    ; warning
    @(160.09 mm, 103.0625 mm): Footprint D404
[lib_footprint_mismatch]: Footprint 'LGA-14_3x2.5mm_P0.5mm_LayoutBorder3x4y' does not match copy in library 'Package_LGA'.
    ; warning
    @(131.0 mm, 85.0 mm): Footprint U301
[lib_footprint_mismatch]: Footprint 'PinHeader_2x03_P2.54mm_Vertical' does not match copy in library 'Connector_PinHeader_2.54mm'.
    ; warning
    @(127.46 mm, 64.29 mm): Footprint J505
[lib_footprint_mismatch]: Footprint 'R_0805_2012Metric' does not match copy in library 'Resistor_SMD'.
    ; warning
    @(163.64 mm, 107.0 mm): Footprint R402
[lib_footprint_mismatch]: Footprint 'R_0805_2012Metric' does not match copy in library 'Resistor_SMD'.
    ; warning
    @(144.5 mm, 79.0 mm): Footprint R303
[lib_footprint_mismatch]: Footprint 'PinHeader_1x02_P2.54mm_Vertical' does not match copy in library 'Connector_PinHeader_2.54mm'.
    ; warning
    @(182.5 mm, 96.225 mm): Footprint J503
[lib_footprint_mismatch]: Footprint 'R_0805_2012Metric' does not match copy in library 'Resistor_SMD'.
    ; warning
    @(170.5 mm, 107.0625 mm): Footprint R404
[lib_footprint_mismatch]: Footprint 'C_0805_2012Metric' does not match copy in library 'Capacitor_SMD'.
    ; warning
    @(135.0 mm, 76.0 mm): Footprint C308
[lib_footprint_mismatch]: Footprint 'R_0805_2012Metric' does not match copy in library 'Resistor_SMD'.
    ; warning
    @(130.5 mm, 91.0 mm): Footprint R300
[lib_footprint_mismatch]: Footprint 'SOIC-8_5.3x5.3mm_P1.27mm' does not match copy in library 'Package_SO'.
    ; warning
    @(137.0 mm, 91.5 mm): Footprint U400
[lib_footprint_mismatch]: Footprint 'SOIC-8_3.9x4.9mm_P1.27mm' does not match copy in library 'Package_SO'.
    ; warning
    @(175.905 mm, 91.475 mm): Footprint U500
[lib_footprint_mismatch]: Footprint 'R_0805_2012Metric' does not match copy in library 'Resistor_SMD'.
    ; warning
    @(176.0 mm, 96.5 mm): Footprint R502
[lib_footprint_mismatch]: Footprint 'C_0805_2012Metric' does not match copy in library 'Capacitor_SMD'.
    ; warning
    @(135.4 mm, 97.3 mm): Footprint C400
[lib_footprint_mismatch]: Footprint 'C_0805_2012Metric' does not match copy in library 'Capacitor_SMD'.
    ; warning
    @(170.5 mm, 94.0 mm): Footprint C501
[lib_footprint_mismatch]: Footprint 'C_0805_2012Metric' does not match copy in library 'Capacitor_SMD'.
    ; warning
    @(176.0 mm, 86.5 mm): Footprint C500
[silk_over_copper]: Silkscreen clipped by solder mask
    ; warning
    @(129.9 mm, 78.4 mm): Segment of U300 on F.Silkscreen
[silk_over_copper]: Silkscreen clipped by solder mask
    ; warning
    @(129.9 mm, 79.6 mm): Segment of U300 on F.Silkscreen
[silk_over_copper]: Silkscreen clipped by solder mask
    ; warning
    @(129.9 mm, 80.1 mm): Segment of U300 on F.Silkscreen
[silk_over_copper]: Silkscreen clipped by solder mask
    ; warning
    @(132.1 mm, 77.9 mm): Segment of U300 on F.Silkscreen
[silk_over_copper]: Silkscreen clipped by solder mask
    ; warning
    @(132.1 mm, 78.4 mm): Segment of U300 on F.Silkscreen
[silk_over_copper]: Silkscreen clipped by solder mask
    ; warning
    @(132.1 mm, 79.6 mm): Segment of U300 on F.Silkscreen
[silk_over_copper]: Silkscreen clipped by solder mask
    ; warning
    @(178.1968 mm, 76.0 mm): Reference field of J506
[silk_over_copper]: Silkscreen clipped by solder mask
    ; warning
    @(123.4225 mm, 87.7225 mm): Segment of U302 on F.Silkscreen
[silk_over_copper]: Silkscreen clipped by solder mask
    ; warning
    @(126.7225 mm, 82.5225 mm): Segment of U302 on F.Silkscreen
[silk_over_copper]: Silkscreen clipped by solder mask
    ; warning
    @(126.7225 mm, 87.2225 mm): Segment of U302 on F.Silkscreen
[silk_over_copper]: Silkscreen clipped by solder mask
    ; warning
    @(153.55 mm, 98.3533 mm): Reference field of SW401

** Found 0 unconnected pads **

** Found 0 Footprint errors **

** End of Report **
